INFO:     Started server process [14840]
INFO:     Waiting for application startup.
2026-01-02 19:03:07,136 [INFO] app: 🚀 ЗАПУСК БЭКЕНДА CENTRAS AI AGENT...
2026-01-02 19:03:07,149 INFO sqlalchemy.engine.Engine BEGIN (implicit)
2026-01-02 19:03:07,149 [INFO] sqlalchemy.engine.Engine: BEGIN (implicit)
2026-01-02 19:03:07,150 INFO sqlalchemy.engine.Engine PRAGMA main.table_info("reports")
2026-01-02 19:03:07,150 [INFO] sqlalchemy.engine.Engine: PRAGMA main.table_info("reports")
2026-01-02 19:03:07,150 INFO sqlalchemy.engine.Engine [raw sql] ()
2026-01-02 19:03:07,150 [INFO] sqlalchemy.engine.Engine: [raw sql] ()
2026-01-02 19:03:07,152 INFO sqlalchemy.engine.Engine PRAGMA main.table_info("users")
2026-01-02 19:03:07,152 [INFO] sqlalchemy.engine.Engine: PRAGMA main.table_info("users")
2026-01-02 19:03:07,152 INFO sqlalchemy.engine.Engine [raw sql] ()
2026-01-02 19:03:07,152 [INFO] sqlalchemy.engine.Engine: [raw sql] ()
2026-01-02 19:03:07,154 INFO sqlalchemy.engine.Engine
DROP TABLE users
2026-01-02 19:03:07,154 [INFO] sqlalchemy.engine.Engine:
DROP TABLE users
2026-01-02 19:03:07,154 INFO sqlalchemy.engine.Engine [no key 0.00021s] ()
2026-01-02 19:03:07,154 [INFO] sqlalchemy.engine.Engine: [no key 0.00021s] ()
2026-01-02 19:03:07,160 INFO sqlalchemy.engine.Engine
DROP TABLE reports
2026-01-02 19:03:07,160 [INFO] sqlalchemy.engine.Engine:
DROP TABLE reports
2026-01-02 19:03:07,160 INFO sqlalchemy.engine.Engine [no key 0.00017s] ()
2026-01-02 19:03:07,160 [INFO] sqlalchemy.engine.Engine: [no key 0.00017s] ()
2026-01-02 19:03:07,164 INFO sqlalchemy.engine.Engine PRAGMA main.table_info("reports")
2026-01-02 19:03:07,164 [INFO] sqlalchemy.engine.Engine: PRAGMA main.table_info("reports")
2026-01-02 19:03:07,164 INFO sqlalchemy.engine.Engine [raw sql] ()
2026-01-02 19:03:07,164 [INFO] sqlalchemy.engine.Engine: [raw sql] ()
2026-01-02 19:03:07,166 INFO sqlalchemy.engine.Engine PRAGMA temp.table_info("reports")
2026-01-02 19:03:07,166 [INFO] sqlalchemy.engine.Engine: PRAGMA temp.table_info("reports")
2026-01-02 19:03:07,166 INFO sqlalchemy.engine.Engine [raw sql] ()
2026-01-02 19:03:07,166 [INFO] sqlalchemy.engine.Engine: [raw sql] ()
2026-01-02 19:03:07,167 INFO sqlalchemy.engine.Engine PRAGMA main.table_info("users")
2026-01-02 19:03:07,167 [INFO] sqlalchemy.engine.Engine: PRAGMA main.table_info("users")
2026-01-02 19:03:07,167 INFO sqlalchemy.engine.Engine [raw sql] ()
2026-01-02 19:03:07,167 [INFO] sqlalchemy.engine.Engine: [raw sql] ()
2026-01-02 19:03:07,169 INFO sqlalchemy.engine.Engine PRAGMA temp.table_info("users")
2026-01-02 19:03:07,169 [INFO] sqlalchemy.engine.Engine: PRAGMA temp.table_info("users")
2026-01-02 19:03:07,169 INFO sqlalchemy.engine.Engine [raw sql] ()
2026-01-02 19:03:07,169 [INFO] sqlalchemy.engine.Engine: [raw sql] ()
2026-01-02 19:03:07,171 INFO sqlalchemy.engine.Engine
CREATE TABLE reports (
	id INTEGER NOT NULL,
	"query" TEXT NOT NULL,
	status VARCHAR,
	logs JSON,
	result_json JSON,
	created_at DATETIME DEFAULT CURRENT_TIMESTAMP,
	updated_at DATETIME,
	PRIMARY KEY (id)
)


2026-01-02 19:03:07,171 [INFO] sqlalchemy.engine.Engine:
CREATE TABLE reports (
	id INTEGER NOT NULL,
	"query" TEXT NOT NULL,
	status VARCHAR,
	logs JSON,
	result_json JSON,
	created_at DATETIME DEFAULT CURRENT_TIMESTAMP,
	updated_at DATETIME,
	PRIMARY KEY (id)
)


2026-01-02 19:03:07,171 INFO sqlalchemy.engine.Engine [no key 0.00014s] ()
2026-01-02 19:03:07,171 [INFO] sqlalchemy.engine.Engine: [no key 0.00014s] ()
2026-01-02 19:03:07,176 INFO sqlalchemy.engine.Engine CREATE INDEX ix_reports_id ON reports (id)
2026-01-02 19:03:07,176 [INFO] sqlalchemy.engine.Engine: CREATE INDEX ix_reports_id ON reports (id)
2026-01-02 19:03:07,176 INFO sqlalchemy.engine.Engine [no key 0.00014s] ()
2026-01-02 19:03:07,176 [INFO] sqlalchemy.engine.Engine: [no key 0.00014s] ()
2026-01-02 19:03:07,179 INFO sqlalchemy.engine.Engine
CREATE TABLE users (
	id INTEGER NOT NULL,
	username VARCHAR,
	hashed_password VARCHAR,
	PRIMARY KEY (id)
)


2026-01-02 19:03:07,179 [INFO] sqlalchemy.engine.Engine:
CREATE TABLE users (
	id INTEGER NOT NULL,
	username VARCHAR,
	hashed_password VARCHAR,
	PRIMARY KEY (id)
)


2026-01-02 19:03:07,180 INFO sqlalchemy.engine.Engine [no key 0.00024s] ()
2026-01-02 19:03:07,180 [INFO] sqlalchemy.engine.Engine: [no key 0.00024s] ()
2026-01-02 19:03:07,183 INFO sqlalchemy.engine.Engine CREATE UNIQUE INDEX ix_users_username ON users (username)
2026-01-02 19:03:07,183 [INFO] sqlalchemy.engine.Engine: CREATE UNIQUE INDEX ix_users_username ON users (username)
2026-01-02 19:03:07,183 INFO sqlalchemy.engine.Engine [no key 0.00014s] ()
2026-01-02 19:03:07,183 [INFO] sqlalchemy.engine.Engine: [no key 0.00014s] ()
2026-01-02 19:03:07,186 INFO sqlalchemy.engine.Engine CREATE INDEX ix_users_id ON users (id)
2026-01-02 19:03:07,186 [INFO] sqlalchemy.engine.Engine: CREATE INDEX ix_users_id ON users (id)
2026-01-02 19:03:07,187 INFO sqlalchemy.engine.Engine [no key 0.00018s] ()
2026-01-02 19:03:07,187 [INFO] sqlalchemy.engine.Engine: [no key 0.00018s] ()
2026-01-02 19:03:07,190 INFO sqlalchemy.engine.Engine COMMIT
2026-01-02 19:03:07,190 [INFO] sqlalchemy.engine.Engine: COMMIT
2026-01-02 19:03:07,192 INFO sqlalchemy.engine.Engine BEGIN (implicit)
2026-01-02 19:03:07,192 [INFO] sqlalchemy.engine.Engine: BEGIN (implicit)
2026-01-02 19:03:07,199 INFO sqlalchemy.engine.Engine SELECT users.id, users.username, users.hashed_password
FROM users
WHERE users.username = ?
2026-01-02 19:03:07,199 [INFO] sqlalchemy.engine.Engine: SELECT users.id, users.username, users.hashed_password
FROM users
WHERE users.username = ?
2026-01-02 19:03:07,199 INFO sqlalchemy.engine.Engine [generated in 0.00026s] ('admin',)
2026-01-02 19:03:07,199 [INFO] sqlalchemy.engine.Engine: [generated in 0.00026s] ('admin',)
2026-01-02 19:03:07,538 INFO sqlalchemy.engine.Engine INSERT INTO users (username, hashed_password) VALUES (?, ?)
2026-01-02 19:03:07,538 [INFO] sqlalchemy.engine.Engine: INSERT INTO users (username, hashed_password) VALUES (?, ?)
2026-01-02 19:03:07,538 INFO sqlalchemy.engine.Engine [generated in 0.00046s] ('admin', '$2b$12$fmLzwOTxCzRbbkEOu1ntEOE4Oavj2ccvsOL136Hw0zizbXLBCMxHu')
2026-01-02 19:03:07,538 [INFO] sqlalchemy.engine.Engine: [generated in 0.00046s] ('admin', '$2b$12$fmLzwOTxCzRbbkEOu1ntEOE4Oavj2ccvsOL136Hw0zizbXLBCMxHu')
2026-01-02 19:03:07,540 INFO sqlalchemy.engine.Engine COMMIT
2026-01-02 19:03:07,540 [INFO] sqlalchemy.engine.Engine: COMMIT
2026-01-02 19:03:07,544 [INFO] app: Admin user created: admin / 123456
2026-01-02 19:03:07,544 [INFO] app: ✅ База данных инициализирована.
INFO:     Application startup complete.
INFO:     Uvicorn running on http://0.0.0.0:8000 (Press CTRL+C to quit)
