INFO:     Shutting down
INFO:     Waiting for application shutdown.
INFO:     Application shutdown complete.
INFO:     Finished server process [6525]
INFO:     Started server process [14953]
INFO:     Waiting for application startup.
2025-12-31 06:12:51,710 INFO sqlalchemy.engine.Engine BEGIN (implicit)
2025-12-31 06:12:51,711 INFO sqlalchemy.engine.Engine PRAGMA main.table_info("reports")
2025-12-31 06:12:51,711 INFO sqlalchemy.engine.Engine [raw sql] ()
2025-12-31 06:12:51,715 INFO sqlalchemy.engine.Engine PRAGMA main.table_info("users")
2025-12-31 06:12:51,716 INFO sqlalchemy.engine.Engine [raw sql] ()
2025-12-31 06:12:51,718 INFO sqlalchemy.engine.Engine COMMIT
INFO:     Application startup complete.
INFO:     Uvicorn running on http://127.0.0.1:8000 (Press CTRL+C to quit)
2025-12-31 06:16:02,599 INFO sqlalchemy.engine.Engine BEGIN (implicit)
2025-12-31 06:16:02,606 INFO sqlalchemy.engine.Engine SELECT reports.id, reports."query", reports.status, reports.result_json, reports.created_at, reports.updated_at
FROM reports ORDER BY reports.created_at DESC
 LIMIT ? OFFSET ?
2025-12-31 06:16:02,606 INFO sqlalchemy.engine.Engine [generated in 0.00034s] (20, 0)
INFO:     127.0.0.1:36028 - "GET /api/reports?limit=20 HTTP/1.1" 200 OK
2025-12-31 06:16:02,610 INFO sqlalchemy.engine.Engine ROLLBACK
2025-12-31 06:16:02,619 INFO sqlalchemy.engine.Engine BEGIN (implicit)
2025-12-31 06:16:02,619 INFO sqlalchemy.engine.Engine SELECT reports.id, reports."query", reports.status, reports.result_json, reports.created_at, reports.updated_at
FROM reports ORDER BY reports.created_at DESC
 LIMIT ? OFFSET ?
2025-12-31 06:16:02,620 INFO sqlalchemy.engine.Engine [cached since 0.01397s ago] (20, 0)
INFO:     127.0.0.1:36030 - "GET /api/reports?limit=20 HTTP/1.1" 200 OK
2025-12-31 06:16:02,622 INFO sqlalchemy.engine.Engine ROLLBACK
