2026-01-02 17:56:31,018 [INFO] app: Starting application with DATABASE_URL: sqlite+aiosqlite:///./test.db
2026-01-02 17:56:31,030 [INFO] sqlalchemy.engine.Engine: BEGIN (implicit)
2026-01-02 17:56:31,031 [INFO] sqlalchemy.engine.Engine: PRAGMA main.table_info("reports")
2026-01-02 17:56:31,031 [INFO] sqlalchemy.engine.Engine: [raw sql] ()
2026-01-02 17:56:31,033 [INFO] sqlalchemy.engine.Engine: PRAGMA main.table_info("users")
2026-01-02 17:56:31,033 [INFO] sqlalchemy.engine.Engine: [raw sql] ()
2026-01-02 17:56:31,034 [INFO] sqlalchemy.engine.Engine:
DROP TABLE users
2026-01-02 17:56:31,034 [INFO] sqlalchemy.engine.Engine: [no key 0.00014s] ()
2026-01-02 17:56:31,038 [INFO] sqlalchemy.engine.Engine:
DROP TABLE reports
2026-01-02 17:56:31,038 [INFO] sqlalchemy.engine.Engine: [no key 0.00017s] ()
2026-01-02 17:56:31,040 [INFO] sqlalchemy.engine.Engine: PRAGMA main.table_info("reports")
2026-01-02 17:56:31,041 [INFO] sqlalchemy.engine.Engine: [raw sql] ()
2026-01-02 17:56:31,041 [INFO] sqlalchemy.engine.Engine: PRAGMA temp.table_info("reports")
2026-01-02 17:56:31,042 [INFO] sqlalchemy.engine.Engine: [raw sql] ()
2026-01-02 17:56:31,042 [INFO] sqlalchemy.engine.Engine: PRAGMA main.table_info("users")
2026-01-02 17:56:31,043 [INFO] sqlalchemy.engine.Engine: [raw sql] ()
2026-01-02 17:56:31,044 [INFO] sqlalchemy.engine.Engine: PRAGMA temp.table_info("users")
2026-01-02 17:56:31,044 [INFO] sqlalchemy.engine.Engine: [raw sql] ()
2026-01-02 17:56:31,045 [INFO] sqlalchemy.engine.Engine:
CREATE TABLE reports (
	id INTEGER NOT NULL,
	"query" TEXT NOT NULL,
	status VARCHAR,
	logs JSON,
	result_json JSON,
	created_at DATETIME DEFAULT CURRENT_TIMESTAMP,
	updated_at DATETIME,
	PRIMARY KEY (id)
)


2026-01-02 17:56:31,046 [INFO] sqlalchemy.engine.Engine: [no key 0.00019s] ()
2026-01-02 17:56:31,049 [INFO] sqlalchemy.engine.Engine: CREATE INDEX ix_reports_id ON reports (id)
2026-01-02 17:56:31,049 [INFO] sqlalchemy.engine.Engine: [no key 0.00016s] ()
2026-01-02 17:56:31,052 [INFO] sqlalchemy.engine.Engine:
CREATE TABLE users (
	id INTEGER NOT NULL,
	username VARCHAR,
	hashed_password VARCHAR,
	PRIMARY KEY (id)
)


2026-01-02 17:56:31,052 [INFO] sqlalchemy.engine.Engine: [no key 0.00017s] ()
2026-01-02 17:56:31,054 [INFO] sqlalchemy.engine.Engine: CREATE UNIQUE INDEX ix_users_username ON users (username)
2026-01-02 17:56:31,055 [INFO] sqlalchemy.engine.Engine: [no key 0.00019s] ()
2026-01-02 17:56:31,057 [INFO] sqlalchemy.engine.Engine: CREATE INDEX ix_users_id ON users (id)
2026-01-02 17:56:31,058 [INFO] sqlalchemy.engine.Engine: [no key 0.00019s] ()
2026-01-02 17:56:31,060 [INFO] sqlalchemy.engine.Engine: COMMIT
2026-01-02 17:56:31,062 [INFO] sqlalchemy.engine.Engine: BEGIN (implicit)
2026-01-02 17:56:31,066 [INFO] sqlalchemy.engine.Engine: SELECT users.id, users.username, users.hashed_password
FROM users
WHERE users.username = ?
2026-01-02 17:56:31,066 [INFO] sqlalchemy.engine.Engine: [generated in 0.00024s] ('admin',)
2026-01-02 17:56:31,069 [WARNING] passlib.handlers.bcrypt: (trapped) error reading bcrypt version
Traceback (most recent call last):
  File "/home/jules/.pyenv/versions/3.12.12/lib/python3.12/site-packages/passlib/handlers/bcrypt.py", line 620, in _load_backend_mixin
    version = _bcrypt.__about__.__version__
              ^^^^^^^^^^^^^^^^^
AttributeError: module 'bcrypt' has no attribute '__about__'
2026-01-02 17:56:31,078 [ERROR] app: Error creating admin user: password cannot be longer than 72 bytes, truncate manually if necessary (e.g. my_password[:72])
2026-01-02 17:56:31,078 [INFO] sqlalchemy.engine.Engine: ROLLBACK
2026-01-02 17:57:00,836 [INFO] app: Starting application with DATABASE_URL: sqlite+aiosqlite:///./test.db
2026-01-02 17:57:00,839 [INFO] sqlalchemy.engine.Engine: BEGIN (implicit)
2026-01-02 17:57:00,840 [INFO] sqlalchemy.engine.Engine: PRAGMA main.table_info("reports")
2026-01-02 17:57:00,840 [INFO] sqlalchemy.engine.Engine: [raw sql] ()
2026-01-02 17:57:00,841 [INFO] sqlalchemy.engine.Engine: PRAGMA main.table_info("users")
2026-01-02 17:57:00,841 [INFO] sqlalchemy.engine.Engine: [raw sql] ()
2026-01-02 17:57:00,843 [INFO] sqlalchemy.engine.Engine:
DROP TABLE users
2026-01-02 17:57:00,843 [INFO] sqlalchemy.engine.Engine: [no key 0.00014s] ()
2026-01-02 17:57:00,846 [INFO] sqlalchemy.engine.Engine:
DROP TABLE reports
2026-01-02 17:57:00,846 [INFO] sqlalchemy.engine.Engine: [no key 0.00014s] ()
2026-01-02 17:57:00,848 [INFO] sqlalchemy.engine.Engine: PRAGMA main.table_info("reports")
2026-01-02 17:57:00,848 [INFO] sqlalchemy.engine.Engine: [raw sql] ()
2026-01-02 17:57:00,849 [INFO] sqlalchemy.engine.Engine: PRAGMA temp.table_info("reports")
2026-01-02 17:57:00,849 [INFO] sqlalchemy.engine.Engine: [raw sql] ()
2026-01-02 17:57:00,850 [INFO] sqlalchemy.engine.Engine: PRAGMA main.table_info("users")
2026-01-02 17:57:00,850 [INFO] sqlalchemy.engine.Engine: [raw sql] ()
2026-01-02 17:57:00,851 [INFO] sqlalchemy.engine.Engine: PRAGMA temp.table_info("users")
2026-01-02 17:57:00,851 [INFO] sqlalchemy.engine.Engine: [raw sql] ()
2026-01-02 17:57:00,852 [INFO] sqlalchemy.engine.Engine:
CREATE TABLE reports (
	id INTEGER NOT NULL,
	"query" TEXT NOT NULL,
	status VARCHAR,
	logs JSON,
	result_json JSON,
	created_at DATETIME DEFAULT CURRENT_TIMESTAMP,
	updated_at DATETIME,
	PRIMARY KEY (id)
)


2026-01-02 17:57:00,853 [INFO] sqlalchemy.engine.Engine: [no key 0.00015s] ()
2026-01-02 17:57:00,855 [INFO] sqlalchemy.engine.Engine: CREATE INDEX ix_reports_id ON reports (id)
2026-01-02 17:57:00,855 [INFO] sqlalchemy.engine.Engine: [no key 0.00013s] ()
2026-01-02 17:57:00,858 [INFO] sqlalchemy.engine.Engine:
CREATE TABLE users (
	id INTEGER NOT NULL,
	username VARCHAR,
	hashed_password VARCHAR,
	PRIMARY KEY (id)
)


2026-01-02 17:57:00,858 [INFO] sqlalchemy.engine.Engine: [no key 0.00017s] ()
2026-01-02 17:57:00,860 [INFO] sqlalchemy.engine.Engine: CREATE UNIQUE INDEX ix_users_username ON users (username)
2026-01-02 17:57:00,860 [INFO] sqlalchemy.engine.Engine: [no key 0.00018s] ()
2026-01-02 17:57:00,863 [INFO] sqlalchemy.engine.Engine: CREATE INDEX ix_users_id ON users (id)
2026-01-02 17:57:00,863 [INFO] sqlalchemy.engine.Engine: [no key 0.00018s] ()
2026-01-02 17:57:00,866 [INFO] sqlalchemy.engine.Engine: COMMIT
2026-01-02 17:57:00,867 [INFO] sqlalchemy.engine.Engine: BEGIN (implicit)
2026-01-02 17:57:00,872 [INFO] sqlalchemy.engine.Engine: SELECT users.id, users.username, users.hashed_password
FROM users
WHERE users.username = ?
2026-01-02 17:57:00,872 [INFO] sqlalchemy.engine.Engine: [generated in 0.00026s] ('admin',)
2026-01-02 17:57:01,230 [INFO] sqlalchemy.engine.Engine: INSERT INTO users (username, hashed_password) VALUES (?, ?)
2026-01-02 17:57:01,230 [INFO] sqlalchemy.engine.Engine: [generated in 0.00041s] ('admin', '$2b$12$UvL4psVCERGwwVjfoQc8nemJ2DWD.4hgLFUYSJCgR0NI4qomYOwaq')
2026-01-02 17:57:01,233 [INFO] sqlalchemy.engine.Engine: COMMIT
2026-01-02 17:57:01,235 [INFO] app: Admin user created: admin / 123456
2026-01-02 17:58:14,780 [INFO] app: Starting application with DATABASE_URL: sqlite+aiosqlite:///./test.db
2026-01-02 17:58:14,783 [INFO] sqlalchemy.engine.Engine: BEGIN (implicit)
2026-01-02 17:58:14,784 [INFO] sqlalchemy.engine.Engine: PRAGMA main.table_info("reports")
2026-01-02 17:58:14,784 [INFO] sqlalchemy.engine.Engine: [raw sql] ()
2026-01-02 17:58:14,786 [INFO] sqlalchemy.engine.Engine: PRAGMA main.table_info("users")
2026-01-02 17:58:14,786 [INFO] sqlalchemy.engine.Engine: [raw sql] ()
2026-01-02 17:58:14,787 [INFO] sqlalchemy.engine.Engine:
DROP TABLE users
2026-01-02 17:58:14,787 [INFO] sqlalchemy.engine.Engine: [no key 0.00015s] ()
2026-01-02 17:58:14,791 [INFO] sqlalchemy.engine.Engine:
DROP TABLE reports
2026-01-02 17:58:14,791 [INFO] sqlalchemy.engine.Engine: [no key 0.00021s] ()
2026-01-02 17:58:14,793 [INFO] sqlalchemy.engine.Engine: PRAGMA main.table_info("reports")
2026-01-02 17:58:14,794 [INFO] sqlalchemy.engine.Engine: [raw sql] ()
2026-01-02 17:58:14,794 [INFO] sqlalchemy.engine.Engine: PRAGMA temp.table_info("reports")
2026-01-02 17:58:14,795 [INFO] sqlalchemy.engine.Engine: [raw sql] ()
2026-01-02 17:58:14,795 [INFO] sqlalchemy.engine.Engine: PRAGMA main.table_info("users")
2026-01-02 17:58:14,795 [INFO] sqlalchemy.engine.Engine: [raw sql] ()
2026-01-02 17:58:14,796 [INFO] sqlalchemy.engine.Engine: PRAGMA temp.table_info("users")
2026-01-02 17:58:14,796 [INFO] sqlalchemy.engine.Engine: [raw sql] ()
2026-01-02 17:58:14,798 [INFO] sqlalchemy.engine.Engine:
CREATE TABLE reports (
	id INTEGER NOT NULL,
	"query" TEXT NOT NULL,
	status VARCHAR,
	logs JSON,
	result_json JSON,
	created_at DATETIME DEFAULT CURRENT_TIMESTAMP,
	updated_at DATETIME,
	PRIMARY KEY (id)
)


2026-01-02 17:58:14,798 [INFO] sqlalchemy.engine.Engine: [no key 0.00016s] ()
2026-01-02 17:58:14,801 [INFO] sqlalchemy.engine.Engine: CREATE INDEX ix_reports_id ON reports (id)
2026-01-02 17:58:14,801 [INFO] sqlalchemy.engine.Engine: [no key 0.00020s] ()
2026-01-02 17:58:14,804 [INFO] sqlalchemy.engine.Engine:
CREATE TABLE users (
	id INTEGER NOT NULL,
	username VARCHAR,
	hashed_password VARCHAR,
	PRIMARY KEY (id)
)


2026-01-02 17:58:14,804 [INFO] sqlalchemy.engine.Engine: [no key 0.00022s] ()
2026-01-02 17:58:14,806 [INFO] sqlalchemy.engine.Engine: CREATE INDEX ix_users_id ON users (id)
2026-01-02 17:58:14,806 [INFO] sqlalchemy.engine.Engine: [no key 0.00015s] ()
2026-01-02 17:58:14,809 [INFO] sqlalchemy.engine.Engine: CREATE UNIQUE INDEX ix_users_username ON users (username)
2026-01-02 17:58:14,809 [INFO] sqlalchemy.engine.Engine: [no key 0.00020s] ()
2026-01-02 17:58:14,811 [INFO] sqlalchemy.engine.Engine: COMMIT
2026-01-02 17:58:14,813 [INFO] sqlalchemy.engine.Engine: BEGIN (implicit)
2026-01-02 17:58:14,818 [INFO] sqlalchemy.engine.Engine: SELECT users.id, users.username, users.hashed_password
FROM users
WHERE users.username = ?
2026-01-02 17:58:14,818 [INFO] sqlalchemy.engine.Engine: [generated in 0.00028s] ('admin',)
2026-01-02 17:58:15,180 [INFO] sqlalchemy.engine.Engine: INSERT INTO users (username, hashed_password) VALUES (?, ?)
2026-01-02 17:58:15,180 [INFO] sqlalchemy.engine.Engine: [generated in 0.00042s] ('admin', '$2b$12$kzsli/OdnqknzJzvC7kyWeIMiRshstjSI9ziwLs5eLQ.m7BtUBRtm')
2026-01-02 17:58:15,182 [INFO] sqlalchemy.engine.Engine: COMMIT
2026-01-02 17:58:15,184 [INFO] app: Admin user created: admin / 123456
