INFO:     Started server process [5043]
INFO:     Waiting for application startup.
2026-01-02 17:58:14,780 [INFO] app: Starting application with DATABASE_URL: sqlite+aiosqlite:///./test.db
2026-01-02 17:58:14,783 INFO sqlalchemy.engine.Engine BEGIN (implicit)
2026-01-02 17:58:14,783 [INFO] sqlalchemy.engine.Engine: BEGIN (implicit)
2026-01-02 17:58:14,784 INFO sqlalchemy.engine.Engine PRAGMA main.table_info("reports")
2026-01-02 17:58:14,784 [INFO] sqlalchemy.engine.Engine: PRAGMA main.table_info("reports")
2026-01-02 17:58:14,784 INFO sqlalchemy.engine.Engine [raw sql] ()
2026-01-02 17:58:14,784 [INFO] sqlalchemy.engine.Engine: [raw sql] ()
2026-01-02 17:58:14,786 INFO sqlalchemy.engine.Engine PRAGMA main.table_info("users")
2026-01-02 17:58:14,786 [INFO] sqlalchemy.engine.Engine: PRAGMA main.table_info("users")
2026-01-02 17:58:14,786 INFO sqlalchemy.engine.Engine [raw sql] ()
2026-01-02 17:58:14,786 [INFO] sqlalchemy.engine.Engine: [raw sql] ()
2026-01-02 17:58:14,787 INFO sqlalchemy.engine.Engine
DROP TABLE users
2026-01-02 17:58:14,787 [INFO] sqlalchemy.engine.Engine:
DROP TABLE users
2026-01-02 17:58:14,787 INFO sqlalchemy.engine.Engine [no key 0.00015s] ()
2026-01-02 17:58:14,787 [INFO] sqlalchemy.engine.Engine: [no key 0.00015s] ()
2026-01-02 17:58:14,791 INFO sqlalchemy.engine.Engine
DROP TABLE reports
2026-01-02 17:58:14,791 [INFO] sqlalchemy.engine.Engine:
DROP TABLE reports
2026-01-02 17:58:14,791 INFO sqlalchemy.engine.Engine [no key 0.00021s] ()
2026-01-02 17:58:14,791 [INFO] sqlalchemy.engine.Engine: [no key 0.00021s] ()
2026-01-02 17:58:14,793 INFO sqlalchemy.engine.Engine PRAGMA main.table_info("reports")
2026-01-02 17:58:14,793 [INFO] sqlalchemy.engine.Engine: PRAGMA main.table_info("reports")
2026-01-02 17:58:14,794 INFO sqlalchemy.engine.Engine [raw sql] ()
2026-01-02 17:58:14,794 [INFO] sqlalchemy.engine.Engine: [raw sql] ()
2026-01-02 17:58:14,794 INFO sqlalchemy.engine.Engine PRAGMA temp.table_info("reports")
2026-01-02 17:58:14,794 [INFO] sqlalchemy.engine.Engine: PRAGMA temp.table_info("reports")
2026-01-02 17:58:14,795 INFO sqlalchemy.engine.Engine [raw sql] ()
2026-01-02 17:58:14,795 [INFO] sqlalchemy.engine.Engine: [raw sql] ()
2026-01-02 17:58:14,795 INFO sqlalchemy.engine.Engine PRAGMA main.table_info("users")
2026-01-02 17:58:14,795 [INFO] sqlalchemy.engine.Engine: PRAGMA main.table_info("users")
2026-01-02 17:58:14,795 INFO sqlalchemy.engine.Engine [raw sql] ()
2026-01-02 17:58:14,795 [INFO] sqlalchemy.engine.Engine: [raw sql] ()
2026-01-02 17:58:14,796 INFO sqlalchemy.engine.Engine PRAGMA temp.table_info("users")
2026-01-02 17:58:14,796 [INFO] sqlalchemy.engine.Engine: PRAGMA temp.table_info("users")
2026-01-02 17:58:14,796 INFO sqlalchemy.engine.Engine [raw sql] ()
2026-01-02 17:58:14,796 [INFO] sqlalchemy.engine.Engine: [raw sql] ()
2026-01-02 17:58:14,798 INFO sqlalchemy.engine.Engine
CREATE TABLE reports (
	id INTEGER NOT NULL,
	"query" TEXT NOT NULL,
	status VARCHAR,
	logs JSON,
	result_json JSON,
	created_at DATETIME DEFAULT CURRENT_TIMESTAMP,
	updated_at DATETIME,
	PRIMARY KEY (id)
)


2026-01-02 17:58:14,798 [INFO] sqlalchemy.engine.Engine:
CREATE TABLE reports (
	id INTEGER NOT NULL,
	"query" TEXT NOT NULL,
	status VARCHAR,
	logs JSON,
	result_json JSON,
	created_at DATETIME DEFAULT CURRENT_TIMESTAMP,
	updated_at DATETIME,
	PRIMARY KEY (id)
)


2026-01-02 17:58:14,798 INFO sqlalchemy.engine.Engine [no key 0.00016s] ()
2026-01-02 17:58:14,798 [INFO] sqlalchemy.engine.Engine: [no key 0.00016s] ()
2026-01-02 17:58:14,801 INFO sqlalchemy.engine.Engine CREATE INDEX ix_reports_id ON reports (id)
2026-01-02 17:58:14,801 [INFO] sqlalchemy.engine.Engine: CREATE INDEX ix_reports_id ON reports (id)
2026-01-02 17:58:14,801 INFO sqlalchemy.engine.Engine [no key 0.00020s] ()
2026-01-02 17:58:14,801 [INFO] sqlalchemy.engine.Engine: [no key 0.00020s] ()
2026-01-02 17:58:14,804 INFO sqlalchemy.engine.Engine
CREATE TABLE users (
	id INTEGER NOT NULL,
	username VARCHAR,
	hashed_password VARCHAR,
	PRIMARY KEY (id)
)


2026-01-02 17:58:14,804 [INFO] sqlalchemy.engine.Engine:
CREATE TABLE users (
	id INTEGER NOT NULL,
	username VARCHAR,
	hashed_password VARCHAR,
	PRIMARY KEY (id)
)


2026-01-02 17:58:14,804 INFO sqlalchemy.engine.Engine [no key 0.00022s] ()
2026-01-02 17:58:14,804 [INFO] sqlalchemy.engine.Engine: [no key 0.00022s] ()
2026-01-02 17:58:14,806 INFO sqlalchemy.engine.Engine CREATE INDEX ix_users_id ON users (id)
2026-01-02 17:58:14,806 [INFO] sqlalchemy.engine.Engine: CREATE INDEX ix_users_id ON users (id)
2026-01-02 17:58:14,806 INFO sqlalchemy.engine.Engine [no key 0.00015s] ()
2026-01-02 17:58:14,806 [INFO] sqlalchemy.engine.Engine: [no key 0.00015s] ()
2026-01-02 17:58:14,809 INFO sqlalchemy.engine.Engine CREATE UNIQUE INDEX ix_users_username ON users (username)
2026-01-02 17:58:14,809 [INFO] sqlalchemy.engine.Engine: CREATE UNIQUE INDEX ix_users_username ON users (username)
2026-01-02 17:58:14,809 INFO sqlalchemy.engine.Engine [no key 0.00020s] ()
2026-01-02 17:58:14,809 [INFO] sqlalchemy.engine.Engine: [no key 0.00020s] ()
2026-01-02 17:58:14,811 INFO sqlalchemy.engine.Engine COMMIT
2026-01-02 17:58:14,811 [INFO] sqlalchemy.engine.Engine: COMMIT
2026-01-02 17:58:14,813 INFO sqlalchemy.engine.Engine BEGIN (implicit)
2026-01-02 17:58:14,813 [INFO] sqlalchemy.engine.Engine: BEGIN (implicit)
2026-01-02 17:58:14,818 INFO sqlalchemy.engine.Engine SELECT users.id, users.username, users.hashed_password
FROM users
WHERE users.username = ?
2026-01-02 17:58:14,818 [INFO] sqlalchemy.engine.Engine: SELECT users.id, users.username, users.hashed_password
FROM users
WHERE users.username = ?
2026-01-02 17:58:14,818 INFO sqlalchemy.engine.Engine [generated in 0.00028s] ('admin',)
2026-01-02 17:58:14,818 [INFO] sqlalchemy.engine.Engine: [generated in 0.00028s] ('admin',)
2026-01-02 17:58:15,180 INFO sqlalchemy.engine.Engine INSERT INTO users (username, hashed_password) VALUES (?, ?)
2026-01-02 17:58:15,180 [INFO] sqlalchemy.engine.Engine: INSERT INTO users (username, hashed_password) VALUES (?, ?)
2026-01-02 17:58:15,180 INFO sqlalchemy.engine.Engine [generated in 0.00042s] ('admin', '$2b$12$kzsli/OdnqknzJzvC7kyWeIMiRshstjSI9ziwLs5eLQ.m7BtUBRtm')
2026-01-02 17:58:15,180 [INFO] sqlalchemy.engine.Engine: [generated in 0.00042s] ('admin', '$2b$12$kzsli/OdnqknzJzvC7kyWeIMiRshstjSI9ziwLs5eLQ.m7BtUBRtm')
2026-01-02 17:58:15,182 INFO sqlalchemy.engine.Engine COMMIT
2026-01-02 17:58:15,182 [INFO] sqlalchemy.engine.Engine: COMMIT
2026-01-02 17:58:15,184 [INFO] app: Admin user created: admin / 123456
INFO:     Application startup complete.
INFO:     Uvicorn running on http://0.0.0.0:8000 (Press CTRL+C to quit)
INFO:     Shutting down
INFO:     Waiting for application shutdown.
INFO:     Application shutdown complete.
INFO:     Finished server process [5043]
